Archive member included to satisfy reference by file (symbol)

/home/bohdaholas/st/stm32cubeide_1.9.0/plugins/com.st.stm32cube.ide.mcu.externaltools.gnu-tools-for-stm32.10.3-2021.10.linux64_1.0.0.202111181127/tools/bin/../lib/gcc/arm-none-eabi/10.3.1/../../../../arm-none-eabi/lib/thumb/v7e-m+fp/hard/libc_nano.a(lib_a-exit.o)
                              /home/bohdaholas/st/stm32cubeide_1.9.0/plugins/com.st.stm32cube.ide.mcu.externaltools.gnu-tools-for-stm32.10.3-2021.10.linux64_1.0.0.202111181127/tools/bin/../lib/gcc/arm-none-eabi/10.3.1/../../../../arm-none-eabi/lib/thumb/v7e-m+fp/hard/crt0.o (exit)
/home/bohdaholas/st/stm32cubeide_1.9.0/plugins/com.st.stm32cube.ide.mcu.externaltools.gnu-tools-for-stm32.10.3-2021.10.linux64_1.0.0.202111181127/tools/bin/../lib/gcc/arm-none-eabi/10.3.1/../../../../arm-none-eabi/lib/thumb/v7e-m+fp/hard/libc_nano.a(lib_a-impure.o)
                              /home/bohdaholas/st/stm32cubeide_1.9.0/plugins/com.st.stm32cube.ide.mcu.externaltools.gnu-tools-for-stm32.10.3-2021.10.linux64_1.0.0.202111181127/tools/bin/../lib/gcc/arm-none-eabi/10.3.1/../../../../arm-none-eabi/lib/thumb/v7e-m+fp/hard/libc_nano.a(lib_a-exit.o) (_global_impure_ptr)
/home/bohdaholas/st/stm32cubeide_1.9.0/plugins/com.st.stm32cube.ide.mcu.externaltools.gnu-tools-for-stm32.10.3-2021.10.linux64_1.0.0.202111181127/tools/bin/../lib/gcc/arm-none-eabi/10.3.1/../../../../arm-none-eabi/lib/thumb/v7e-m+fp/hard/libc_nano.a(lib_a-init.o)
                              /home/bohdaholas/st/stm32cubeide_1.9.0/plugins/com.st.stm32cube.ide.mcu.externaltools.gnu-tools-for-stm32.10.3-2021.10.linux64_1.0.0.202111181127/tools/bin/../lib/gcc/arm-none-eabi/10.3.1/../../../../arm-none-eabi/lib/thumb/v7e-m+fp/hard/crt0.o (__libc_init_array)
/home/bohdaholas/st/stm32cubeide_1.9.0/plugins/com.st.stm32cube.ide.mcu.externaltools.gnu-tools-for-stm32.10.3-2021.10.linux64_1.0.0.202111181127/tools/bin/../lib/gcc/arm-none-eabi/10.3.1/../../../../arm-none-eabi/lib/thumb/v7e-m+fp/hard/libc_nano.a(lib_a-memset.o)
                              /home/bohdaholas/st/stm32cubeide_1.9.0/plugins/com.st.stm32cube.ide.mcu.externaltools.gnu-tools-for-stm32.10.3-2021.10.linux64_1.0.0.202111181127/tools/bin/../lib/gcc/arm-none-eabi/10.3.1/../../../../arm-none-eabi/lib/thumb/v7e-m+fp/hard/crt0.o (memset)
/home/bohdaholas/st/stm32cubeide_1.9.0/plugins/com.st.stm32cube.ide.mcu.externaltools.gnu-tools-for-stm32.10.3-2021.10.linux64_1.0.0.202111181127/tools/bin/../lib/gcc/arm-none-eabi/10.3.1/../../../../arm-none-eabi/lib/thumb/v7e-m+fp/hard/libnosys.a(_exit.o)
                              /home/bohdaholas/st/stm32cubeide_1.9.0/plugins/com.st.stm32cube.ide.mcu.externaltools.gnu-tools-for-stm32.10.3-2021.10.linux64_1.0.0.202111181127/tools/bin/../lib/gcc/arm-none-eabi/10.3.1/../../../../arm-none-eabi/lib/thumb/v7e-m+fp/hard/libc_nano.a(lib_a-exit.o) (_exit)

Discarded input sections

 .text          0x0000000000000000        0x0 /home/bohdaholas/st/stm32cubeide_1.9.0/plugins/com.st.stm32cube.ide.mcu.externaltools.gnu-tools-for-stm32.10.3-2021.10.linux64_1.0.0.202111181127/tools/bin/../lib/gcc/arm-none-eabi/10.3.1/thumb/v7e-m+fp/hard/crti.o
 .data          0x0000000000000000        0x0 /home/bohdaholas/st/stm32cubeide_1.9.0/plugins/com.st.stm32cube.ide.mcu.externaltools.gnu-tools-for-stm32.10.3-2021.10.linux64_1.0.0.202111181127/tools/bin/../lib/gcc/arm-none-eabi/10.3.1/thumb/v7e-m+fp/hard/crti.o
 .bss           0x0000000000000000        0x0 /home/bohdaholas/st/stm32cubeide_1.9.0/plugins/com.st.stm32cube.ide.mcu.externaltools.gnu-tools-for-stm32.10.3-2021.10.linux64_1.0.0.202111181127/tools/bin/../lib/gcc/arm-none-eabi/10.3.1/thumb/v7e-m+fp/hard/crti.o
 .data          0x0000000000000000        0x4 /home/bohdaholas/st/stm32cubeide_1.9.0/plugins/com.st.stm32cube.ide.mcu.externaltools.gnu-tools-for-stm32.10.3-2021.10.linux64_1.0.0.202111181127/tools/bin/../lib/gcc/arm-none-eabi/10.3.1/thumb/v7e-m+fp/hard/crtbegin.o
 .rodata        0x0000000000000000       0x24 /home/bohdaholas/st/stm32cubeide_1.9.0/plugins/com.st.stm32cube.ide.mcu.externaltools.gnu-tools-for-stm32.10.3-2021.10.linux64_1.0.0.202111181127/tools/bin/../lib/gcc/arm-none-eabi/10.3.1/thumb/v7e-m+fp/hard/crtbegin.o
 .text          0x0000000000000000       0x7c /home/bohdaholas/st/stm32cubeide_1.9.0/plugins/com.st.stm32cube.ide.mcu.externaltools.gnu-tools-for-stm32.10.3-2021.10.linux64_1.0.0.202111181127/tools/bin/../lib/gcc/arm-none-eabi/10.3.1/../../../../arm-none-eabi/lib/thumb/v7e-m+fp/hard/crt0.o
 .data          0x0000000000000000        0x0 /home/bohdaholas/st/stm32cubeide_1.9.0/plugins/com.st.stm32cube.ide.mcu.externaltools.gnu-tools-for-stm32.10.3-2021.10.linux64_1.0.0.202111181127/tools/bin/../lib/gcc/arm-none-eabi/10.3.1/../../../../arm-none-eabi/lib/thumb/v7e-m+fp/hard/crt0.o
 .bss           0x0000000000000000        0x0 /home/bohdaholas/st/stm32cubeide_1.9.0/plugins/com.st.stm32cube.ide.mcu.externaltools.gnu-tools-for-stm32.10.3-2021.10.linux64_1.0.0.202111181127/tools/bin/../lib/gcc/arm-none-eabi/10.3.1/../../../../arm-none-eabi/lib/thumb/v7e-m+fp/hard/crt0.o
 .ARM.extab     0x0000000000000000        0x0 /home/bohdaholas/st/stm32cubeide_1.9.0/plugins/com.st.stm32cube.ide.mcu.externaltools.gnu-tools-for-stm32.10.3-2021.10.linux64_1.0.0.202111181127/tools/bin/../lib/gcc/arm-none-eabi/10.3.1/../../../../arm-none-eabi/lib/thumb/v7e-m+fp/hard/crt0.o
 .ARM.exidx     0x0000000000000000       0x10 /home/bohdaholas/st/stm32cubeide_1.9.0/plugins/com.st.stm32cube.ide.mcu.externaltools.gnu-tools-for-stm32.10.3-2021.10.linux64_1.0.0.202111181127/tools/bin/../lib/gcc/arm-none-eabi/10.3.1/../../../../arm-none-eabi/lib/thumb/v7e-m+fp/hard/crt0.o
 .ARM.attributes
                0x0000000000000000       0x1c /home/bohdaholas/st/stm32cubeide_1.9.0/plugins/com.st.stm32cube.ide.mcu.externaltools.gnu-tools-for-stm32.10.3-2021.10.linux64_1.0.0.202111181127/tools/bin/../lib/gcc/arm-none-eabi/10.3.1/../../../../arm-none-eabi/lib/thumb/v7e-m+fp/hard/crt0.o
 .group         0x0000000000000000        0xc ./Src/gpio/0_led_toggle_on_button_press.o
 .group         0x0000000000000000        0xc ./Src/gpio/0_led_toggle_on_button_press.o
 .group         0x0000000000000000        0xc ./Src/gpio/0_led_toggle_on_button_press.o
 .group         0x0000000000000000        0xc ./Src/gpio/0_led_toggle_on_button_press.o
 .group         0x0000000000000000        0xc ./Src/gpio/0_led_toggle_on_button_press.o
 .group         0x0000000000000000        0xc ./Src/gpio/0_led_toggle_on_button_press.o
 .group         0x0000000000000000        0xc ./Src/gpio/0_led_toggle_on_button_press.o
 .group         0x0000000000000000        0xc ./Src/gpio/0_led_toggle_on_button_press.o
 .group         0x0000000000000000        0xc ./Src/gpio/0_led_toggle_on_button_press.o
 .group         0x0000000000000000        0xc ./Src/gpio/0_led_toggle_on_button_press.o
 .group         0x0000000000000000        0xc ./Src/gpio/0_led_toggle_on_button_press.o
 .group         0x0000000000000000        0xc ./Src/gpio/0_led_toggle_on_button_press.o
 .group         0x0000000000000000        0xc ./Src/gpio/0_led_toggle_on_button_press.o
 .group         0x0000000000000000        0xc ./Src/gpio/0_led_toggle_on_button_press.o
 .group         0x0000000000000000        0xc ./Src/gpio/0_led_toggle_on_button_press.o
 .group         0x0000000000000000        0xc ./Src/gpio/0_led_toggle_on_button_press.o
 .group         0x0000000000000000        0xc ./Src/gpio/0_led_toggle_on_button_press.o
 .group         0x0000000000000000        0xc ./Src/gpio/0_led_toggle_on_button_press.o
 .group         0x0000000000000000        0xc ./Src/gpio/0_led_toggle_on_button_press.o
 .group         0x0000000000000000        0xc ./Src/gpio/0_led_toggle_on_button_press.o
 .group         0x0000000000000000        0xc ./Src/gpio/0_led_toggle_on_button_press.o
 .group         0x0000000000000000        0xc ./Src/gpio/0_led_toggle_on_button_press.o
 .group         0x0000000000000000        0xc ./Src/gpio/0_led_toggle_on_button_press.o
 .group         0x0000000000000000        0xc ./Src/gpio/0_led_toggle_on_button_press.o
 .group         0x0000000000000000        0xc ./Src/gpio/0_led_toggle_on_button_press.o
 .group         0x0000000000000000        0xc ./Src/gpio/0_led_toggle_on_button_press.o
 .group         0x0000000000000000        0xc ./Src/gpio/0_led_toggle_on_button_press.o
 .group         0x0000000000000000        0xc ./Src/gpio/0_led_toggle_on_button_press.o
 .group         0x0000000000000000        0xc ./Src/gpio/0_led_toggle_on_button_press.o
 .text          0x0000000000000000        0x0 ./Src/gpio/0_led_toggle_on_button_press.o
 .data          0x0000000000000000        0x0 ./Src/gpio/0_led_toggle_on_button_press.o
 .bss           0x0000000000000000        0x0 ./Src/gpio/0_led_toggle_on_button_press.o
 .text          0x0000000000000000       0x14 ./Startup/startup_stm32f411vetx.o
 .data          0x0000000000000000        0x0 ./Startup/startup_stm32f411vetx.o
 .bss           0x0000000000000000        0x0 ./Startup/startup_stm32f411vetx.o
 .group         0x0000000000000000        0xc ./drivers/src/stm32f411x_gpio_driver.o
 .group         0x0000000000000000        0xc ./drivers/src/stm32f411x_gpio_driver.o
 .group         0x0000000000000000        0xc ./drivers/src/stm32f411x_gpio_driver.o
 .group         0x0000000000000000        0xc ./drivers/src/stm32f411x_gpio_driver.o
 .group         0x0000000000000000        0xc ./drivers/src/stm32f411x_gpio_driver.o
 .group         0x0000000000000000        0xc ./drivers/src/stm32f411x_gpio_driver.o
 .group         0x0000000000000000        0xc ./drivers/src/stm32f411x_gpio_driver.o
 .group         0x0000000000000000        0xc ./drivers/src/stm32f411x_gpio_driver.o
 .group         0x0000000000000000        0xc ./drivers/src/stm32f411x_gpio_driver.o
 .group         0x0000000000000000        0xc ./drivers/src/stm32f411x_gpio_driver.o
 .group         0x0000000000000000        0xc ./drivers/src/stm32f411x_gpio_driver.o
 .group         0x0000000000000000        0xc ./drivers/src/stm32f411x_gpio_driver.o
 .group         0x0000000000000000        0xc ./drivers/src/stm32f411x_gpio_driver.o
 .text          0x0000000000000000        0x0 ./drivers/src/stm32f411x_gpio_driver.o
 .data          0x0000000000000000        0x0 ./drivers/src/stm32f411x_gpio_driver.o
 .bss           0x0000000000000000        0x0 ./drivers/src/stm32f411x_gpio_driver.o
 .text.GPIO_DeInit
                0x0000000000000000       0xf0 ./drivers/src/stm32f411x_gpio_driver.o
 .text.GPIO_ReadPin
                0x0000000000000000       0x2a ./drivers/src/stm32f411x_gpio_driver.o
 .text.GPIO_ReadPort
                0x0000000000000000       0x1a ./drivers/src/stm32f411x_gpio_driver.o
 .text.GPIO_WritePort
                0x0000000000000000       0x1e ./drivers/src/stm32f411x_gpio_driver.o
 .text.GPIO_IRQ_PriorityConfig
                0x0000000000000000       0x54 ./drivers/src/stm32f411x_gpio_driver.o
 .debug_macro   0x0000000000000000      0xa84 ./drivers/src/stm32f411x_gpio_driver.o
 .debug_macro   0x0000000000000000       0x22 ./drivers/src/stm32f411x_gpio_driver.o
 .debug_macro   0x0000000000000000      0x103 ./drivers/src/stm32f411x_gpio_driver.o
 .debug_macro   0x0000000000000000       0x6a ./drivers/src/stm32f411x_gpio_driver.o
 .debug_macro   0x0000000000000000      0x1df ./drivers/src/stm32f411x_gpio_driver.o
 .debug_macro   0x0000000000000000      0x174 ./drivers/src/stm32f411x_gpio_driver.o
 .debug_macro   0x0000000000000000      0x700 ./drivers/src/stm32f411x_gpio_driver.o
 .debug_macro   0x0000000000000000      0x124 ./drivers/src/stm32f411x_gpio_driver.o
 .debug_macro   0x0000000000000000       0xf4 ./drivers/src/stm32f411x_gpio_driver.o
 .debug_macro   0x0000000000000000       0xfa ./drivers/src/stm32f411x_gpio_driver.o
 .debug_macro   0x0000000000000000      0x106 ./drivers/src/stm32f411x_gpio_driver.o
 .group         0x0000000000000000        0xc ./drivers/src/stm32f411x_i2c_driver.o
 .group         0x0000000000000000        0xc ./drivers/src/stm32f411x_i2c_driver.o
 .group         0x0000000000000000        0xc ./drivers/src/stm32f411x_i2c_driver.o
 .group         0x0000000000000000        0xc ./drivers/src/stm32f411x_i2c_driver.o
 .group         0x0000000000000000        0xc ./drivers/src/stm32f411x_i2c_driver.o
 .group         0x0000000000000000        0xc ./drivers/src/stm32f411x_i2c_driver.o
 .group         0x0000000000000000        0xc ./drivers/src/stm32f411x_i2c_driver.o
 .group         0x0000000000000000        0xc ./drivers/src/stm32f411x_i2c_driver.o
 .group         0x0000000000000000        0xc ./drivers/src/stm32f411x_i2c_driver.o
 .group         0x0000000000000000        0xc ./drivers/src/stm32f411x_i2c_driver.o
 .group         0x0000000000000000        0xc ./drivers/src/stm32f411x_i2c_driver.o
 .group         0x0000000000000000        0xc ./drivers/src/stm32f411x_i2c_driver.o
 .group         0x0000000000000000        0xc ./drivers/src/stm32f411x_i2c_driver.o
 .text          0x0000000000000000        0x0 ./drivers/src/stm32f411x_i2c_driver.o
 .data          0x0000000000000000        0x0 ./drivers/src/stm32f411x_i2c_driver.o
 .bss           0x0000000000000000        0x0 ./drivers/src/stm32f411x_i2c_driver.o
 .text.I2C_Init
                0x0000000000000000      0x158 ./drivers/src/stm32f411x_i2c_driver.o
 .text.I2C_DeInit
                0x0000000000000000       0x88 ./drivers/src/stm32f411x_i2c_driver.o
 .text.I2C_ManageAcking
                0x0000000000000000       0x38 ./drivers/src/stm32f411x_i2c_driver.o
 .text.I2C_GenerateStartCondition
                0x0000000000000000       0x20 ./drivers/src/stm32f411x_i2c_driver.o
 .text.I2C_ExecuteAddressPhase
                0x0000000000000000       0x2a ./drivers/src/stm32f411x_i2c_driver.o
 .text.I2C_ClearADDRFlag
                0x0000000000000000       0x4a ./drivers/src/stm32f411x_i2c_driver.o
 .text.I2C_GenerateStopCondition
                0x0000000000000000       0x20 ./drivers/src/stm32f411x_i2c_driver.o
 .text.I2C_MasterSendData
                0x0000000000000000       0xc6 ./drivers/src/stm32f411x_i2c_driver.o
 .text.I2C_MasterReceiveData
                0x0000000000000000      0x110 ./drivers/src/stm32f411x_i2c_driver.o
 .text.I2C_MasterSendDataIT
                0x0000000000000000       0x86 ./drivers/src/stm32f411x_i2c_driver.o
 .text.I2C_MasterReceiveDataIT
                0x0000000000000000       0x8c ./drivers/src/stm32f411x_i2c_driver.o
 .text.I2C_SlaveSendData
                0x0000000000000000       0x1e ./drivers/src/stm32f411x_i2c_driver.o
 .text.I2C_SlaveReceiveData
                0x0000000000000000       0x1a ./drivers/src/stm32f411x_i2c_driver.o
 .text.I2C_SlaveEnableDisableCallbackEvents
                0x0000000000000000       0x68 ./drivers/src/stm32f411x_i2c_driver.o
 .text.I2C_PCLK_Control
                0x0000000000000000       0xb0 ./drivers/src/stm32f411x_i2c_driver.o
 .text.I2C_Peripheral_Control
                0x0000000000000000       0x38 ./drivers/src/stm32f411x_i2c_driver.o
 .text.I2C_GetFlagStatus
                0x0000000000000000       0x30 ./drivers/src/stm32f411x_i2c_driver.o
 .text.I2C_IRQ_InterruptConfig
                0x0000000000000000       0x58 ./drivers/src/stm32f411x_i2c_driver.o
 .text.I2C_IRQ_PriorityConfig
                0x0000000000000000       0x54 ./drivers/src/stm32f411x_i2c_driver.o
 .text.I2C_IRQ_EventHandling
                0x0000000000000000       0xc4 ./drivers/src/stm32f411x_i2c_driver.o
 .text.I2C_CloseReceiveData
                0x0000000000000000       0x5c ./drivers/src/stm32f411x_i2c_driver.o
 .text.I2C_CloseSendData
                0x0000000000000000       0x46 ./drivers/src/stm32f411x_i2c_driver.o
 .text.I2C_IRQ_Handle_SB
                0x0000000000000000       0x3a ./drivers/src/stm32f411x_i2c_driver.o
 .text.I2C_IRQ_Handle_BTF
                0x0000000000000000       0x54 ./drivers/src/stm32f411x_i2c_driver.o
 .text.I2C_IRQ_Handle_STOPF
                0x0000000000000000       0x24 ./drivers/src/stm32f411x_i2c_driver.o
 .text.I2C_IRQ_Handle_TXE
                0x0000000000000000       0x66 ./drivers/src/stm32f411x_i2c_driver.o
 .text.I2C_IRQ_Handle_RXNE
                0x0000000000000000       0xc8 ./drivers/src/stm32f411x_i2c_driver.o
 .text.I2C_IRQ_ErrorHandling
                0x0000000000000000       0xf4 ./drivers/src/stm32f411x_i2c_driver.o
 .text.I2C_ApplicationEventCallback
                0x0000000000000000       0x18 ./drivers/src/stm32f411x_i2c_driver.o
 .debug_info    0x0000000000000000      0xacc ./drivers/src/stm32f411x_i2c_driver.o
 .debug_abbrev  0x0000000000000000      0x267 ./drivers/src/stm32f411x_i2c_driver.o
 .debug_aranges
                0x0000000000000000      0x100 ./drivers/src/stm32f411x_i2c_driver.o
 .debug_ranges  0x0000000000000000       0xf0 ./drivers/src/stm32f411x_i2c_driver.o
 .debug_macro   0x0000000000000000       0xb8 ./drivers/src/stm32f411x_i2c_driver.o
 .debug_macro   0x0000000000000000      0xa84 ./drivers/src/stm32f411x_i2c_driver.o
 .debug_macro   0x0000000000000000       0x22 ./drivers/src/stm32f411x_i2c_driver.o
 .debug_macro   0x0000000000000000       0x8e ./drivers/src/stm32f411x_i2c_driver.o
 .debug_macro   0x0000000000000000       0x51 ./drivers/src/stm32f411x_i2c_driver.o
 .debug_macro   0x0000000000000000      0x103 ./drivers/src/stm32f411x_i2c_driver.o
 .debug_macro   0x0000000000000000       0x6a ./drivers/src/stm32f411x_i2c_driver.o
 .debug_macro   0x0000000000000000      0x1df ./drivers/src/stm32f411x_i2c_driver.o
 .debug_macro   0x0000000000000000      0x174 ./drivers/src/stm32f411x_i2c_driver.o
 .debug_macro   0x0000000000000000      0x700 ./drivers/src/stm32f411x_i2c_driver.o
 .debug_macro   0x0000000000000000      0x124 ./drivers/src/stm32f411x_i2c_driver.o
 .debug_macro   0x0000000000000000       0xf4 ./drivers/src/stm32f411x_i2c_driver.o
 .debug_macro   0x0000000000000000       0xfa ./drivers/src/stm32f411x_i2c_driver.o
 .debug_macro   0x0000000000000000      0x106 ./drivers/src/stm32f411x_i2c_driver.o
 .debug_line    0x0000000000000000      0xc0c ./drivers/src/stm32f411x_i2c_driver.o
 .debug_str     0x0000000000000000     0x709c ./drivers/src/stm32f411x_i2c_driver.o
 .comment       0x0000000000000000       0x51 ./drivers/src/stm32f411x_i2c_driver.o
 .debug_frame   0x0000000000000000      0x460 ./drivers/src/stm32f411x_i2c_driver.o
 .ARM.attributes
                0x0000000000000000       0x34 ./drivers/src/stm32f411x_i2c_driver.o
 .group         0x0000000000000000        0xc ./drivers/src/stm32f411x_rcc_driver.o
 .group         0x0000000000000000        0xc ./drivers/src/stm32f411x_rcc_driver.o
 .group         0x0000000000000000        0xc ./drivers/src/stm32f411x_rcc_driver.o
 .group         0x0000000000000000        0xc ./drivers/src/stm32f411x_rcc_driver.o
 .group         0x0000000000000000        0xc ./drivers/src/stm32f411x_rcc_driver.o
 .group         0x0000000000000000        0xc ./drivers/src/stm32f411x_rcc_driver.o
 .group         0x0000000000000000        0xc ./drivers/src/stm32f411x_rcc_driver.o
 .group         0x0000000000000000        0xc ./drivers/src/stm32f411x_rcc_driver.o
 .group         0x0000000000000000        0xc ./drivers/src/stm32f411x_rcc_driver.o
 .group         0x0000000000000000        0xc ./drivers/src/stm32f411x_rcc_driver.o
 .group         0x0000000000000000        0xc ./drivers/src/stm32f411x_rcc_driver.o
 .group         0x0000000000000000        0xc ./drivers/src/stm32f411x_rcc_driver.o
 .group         0x0000000000000000        0xc ./drivers/src/stm32f411x_rcc_driver.o
 .text          0x0000000000000000        0x0 ./drivers/src/stm32f411x_rcc_driver.o
 .data          0x0000000000000000        0x0 ./drivers/src/stm32f411x_rcc_driver.o
 .bss           0x0000000000000000        0x0 ./drivers/src/stm32f411x_rcc_driver.o
 .text.RCC_GetSYSCLKValue
                0x0000000000000000       0x44 ./drivers/src/stm32f411x_rcc_driver.o
 .rodata        0x0000000000000000       0x10 ./drivers/src/stm32f411x_rcc_driver.o
 .text.RCC_GetAHBPrescaler
                0x0000000000000000       0x48 ./drivers/src/stm32f411x_rcc_driver.o
 .text.RCC_GetAPBxPrescaler
                0x0000000000000000       0x4c ./drivers/src/stm32f411x_rcc_driver.o
 .text.RCC_GetPCLKxValue
                0x0000000000000000       0x3e ./drivers/src/stm32f411x_rcc_driver.o
 .text.RCC_GetPLLOutputClock
                0x0000000000000000       0x10 ./drivers/src/stm32f411x_rcc_driver.o
 .debug_info    0x0000000000000000      0x39d ./drivers/src/stm32f411x_rcc_driver.o
 .debug_abbrev  0x0000000000000000      0x145 ./drivers/src/stm32f411x_rcc_driver.o
 .debug_aranges
                0x0000000000000000       0x40 ./drivers/src/stm32f411x_rcc_driver.o
 .debug_ranges  0x0000000000000000       0x30 ./drivers/src/stm32f411x_rcc_driver.o
 .debug_macro   0x0000000000000000       0xb8 ./drivers/src/stm32f411x_rcc_driver.o
 .debug_macro   0x0000000000000000      0xa84 ./drivers/src/stm32f411x_rcc_driver.o
 .debug_macro   0x0000000000000000       0x22 ./drivers/src/stm32f411x_rcc_driver.o
 .debug_macro   0x0000000000000000       0x8e ./drivers/src/stm32f411x_rcc_driver.o
 .debug_macro   0x0000000000000000       0x51 ./drivers/src/stm32f411x_rcc_driver.o
 .debug_macro   0x0000000000000000      0x103 ./drivers/src/stm32f411x_rcc_driver.o
 .debug_macro   0x0000000000000000       0x6a ./drivers/src/stm32f411x_rcc_driver.o
 .debug_macro   0x0000000000000000      0x1df ./drivers/src/stm32f411x_rcc_driver.o
 .debug_macro   0x0000000000000000      0x174 ./drivers/src/stm32f411x_rcc_driver.o
 .debug_macro   0x0000000000000000      0x700 ./drivers/src/stm32f411x_rcc_driver.o
 .debug_macro   0x0000000000000000      0x124 ./drivers/src/stm32f411x_rcc_driver.o
 .debug_macro   0x0000000000000000       0xf4 ./drivers/src/stm32f411x_rcc_driver.o
 .debug_macro   0x0000000000000000       0xfa ./drivers/src/stm32f411x_rcc_driver.o
 .debug_macro   0x0000000000000000      0x106 ./drivers/src/stm32f411x_rcc_driver.o
 .debug_line    0x0000000000000000      0x516 ./drivers/src/stm32f411x_rcc_driver.o
 .debug_str     0x0000000000000000     0x6d78 ./drivers/src/stm32f411x_rcc_driver.o
 .comment       0x0000000000000000       0x51 ./drivers/src/stm32f411x_rcc_driver.o
 .debug_frame   0x0000000000000000       0xc8 ./drivers/src/stm32f411x_rcc_driver.o
 .ARM.attributes
                0x0000000000000000       0x34 ./drivers/src/stm32f411x_rcc_driver.o
 .group         0x0000000000000000        0xc ./drivers/src/stm32f411x_spi_driver.o
 .group         0x0000000000000000        0xc ./drivers/src/stm32f411x_spi_driver.o
 .group         0x0000000000000000        0xc ./drivers/src/stm32f411x_spi_driver.o
 .group         0x0000000000000000        0xc ./drivers/src/stm32f411x_spi_driver.o
 .group         0x0000000000000000        0xc ./drivers/src/stm32f411x_spi_driver.o
 .group         0x0000000000000000        0xc ./drivers/src/stm32f411x_spi_driver.o
 .group         0x0000000000000000        0xc ./drivers/src/stm32f411x_spi_driver.o
 .group         0x0000000000000000        0xc ./drivers/src/stm32f411x_spi_driver.o
 .group         0x0000000000000000        0xc ./drivers/src/stm32f411x_spi_driver.o
 .group         0x0000000000000000        0xc ./drivers/src/stm32f411x_spi_driver.o
 .group         0x0000000000000000        0xc ./drivers/src/stm32f411x_spi_driver.o
 .group         0x0000000000000000        0xc ./drivers/src/stm32f411x_spi_driver.o
 .group         0x0000000000000000        0xc ./drivers/src/stm32f411x_spi_driver.o
 .text          0x0000000000000000        0x0 ./drivers/src/stm32f411x_spi_driver.o
 .data          0x0000000000000000        0x0 ./drivers/src/stm32f411x_spi_driver.o
 .bss           0x0000000000000000        0x0 ./drivers/src/stm32f411x_spi_driver.o
 .text.SPI_Init
                0x0000000000000000       0xb6 ./drivers/src/stm32f411x_spi_driver.o
 .text.SPI_DeInit
                0x0000000000000000       0xa4 ./drivers/src/stm32f411x_spi_driver.o
 .text.SPI_PCLK_Control
                0x0000000000000000       0xcc ./drivers/src/stm32f411x_spi_driver.o
 .text.SPI_Peripheral_Control
                0x0000000000000000       0x38 ./drivers/src/stm32f411x_spi_driver.o
 .text.SPI_SSI_Config
                0x0000000000000000       0x38 ./drivers/src/stm32f411x_spi_driver.o
 .text.SPI_SSOE_Config
                0x0000000000000000       0x38 ./drivers/src/stm32f411x_spi_driver.o
 .text.SPI_GetFlagStatus
                0x0000000000000000       0x30 ./drivers/src/stm32f411x_spi_driver.o
 .text.SPI_SendData
                0x0000000000000000       0x74 ./drivers/src/stm32f411x_spi_driver.o
 .text.SPI_ReceiveData
                0x0000000000000000       0x74 ./drivers/src/stm32f411x_spi_driver.o
 .text.SPI_SendDataIT
                0x0000000000000000       0x48 ./drivers/src/stm32f411x_spi_driver.o
 .text.SPI_ReceiveDataIT
                0x0000000000000000       0x48 ./drivers/src/stm32f411x_spi_driver.o
 .text.SPI_IRQ_InterruptConfig
                0x0000000000000000       0x58 ./drivers/src/stm32f411x_spi_driver.o
 .text.SPI_IRQ_PriorityConfig
                0x0000000000000000       0x54 ./drivers/src/stm32f411x_spi_driver.o
 .text.SPI_IRQ_Handling
                0x0000000000000000       0x9a ./drivers/src/stm32f411x_spi_driver.o
 .text.spi_txe_interrupt_handle
                0x0000000000000000       0x82 ./drivers/src/stm32f411x_spi_driver.o
 .text.spi_rxne_interrupt_handle
                0x0000000000000000       0x86 ./drivers/src/stm32f411x_spi_driver.o
 .text.spi_ovr_err_interrupt_handle
                0x0000000000000000       0x30 ./drivers/src/stm32f411x_spi_driver.o
 .text.SPI_ClearOVRFlag
                0x0000000000000000       0x24 ./drivers/src/stm32f411x_spi_driver.o
 .text.SPI_CloseTransmission
                0x0000000000000000       0x30 ./drivers/src/stm32f411x_spi_driver.o
 .text.SPI_CloseReception
                0x0000000000000000       0x30 ./drivers/src/stm32f411x_spi_driver.o
 .text.SPI_ApplicationEventCallback
                0x0000000000000000       0x18 ./drivers/src/stm32f411x_spi_driver.o
 .debug_info    0x0000000000000000      0x8f4 ./drivers/src/stm32f411x_spi_driver.o
 .debug_abbrev  0x0000000000000000      0x1a4 ./drivers/src/stm32f411x_spi_driver.o
 .debug_aranges
                0x0000000000000000       0xc0 ./drivers/src/stm32f411x_spi_driver.o
 .debug_ranges  0x0000000000000000       0xb0 ./drivers/src/stm32f411x_spi_driver.o
 .debug_macro   0x0000000000000000       0xb8 ./drivers/src/stm32f411x_spi_driver.o
 .debug_macro   0x0000000000000000      0xa84 ./drivers/src/stm32f411x_spi_driver.o
 .debug_macro   0x0000000000000000       0x22 ./drivers/src/stm32f411x_spi_driver.o
 .debug_macro   0x0000000000000000       0x8e ./drivers/src/stm32f411x_spi_driver.o
 .debug_macro   0x0000000000000000       0x51 ./drivers/src/stm32f411x_spi_driver.o
 .debug_macro   0x0000000000000000      0x103 ./drivers/src/stm32f411x_spi_driver.o
 .debug_macro   0x0000000000000000       0x6a ./drivers/src/stm32f411x_spi_driver.o
 .debug_macro   0x0000000000000000      0x1df ./drivers/src/stm32f411x_spi_driver.o
 .debug_macro   0x0000000000000000      0x174 ./drivers/src/stm32f411x_spi_driver.o
 .debug_macro   0x0000000000000000      0x700 ./drivers/src/stm32f411x_spi_driver.o
 .debug_macro   0x0000000000000000      0x124 ./drivers/src/stm32f411x_spi_driver.o
 .debug_macro   0x0000000000000000       0xf4 ./drivers/src/stm32f411x_spi_driver.o
 .debug_macro   0x0000000000000000       0xfa ./drivers/src/stm32f411x_spi_driver.o
 .debug_macro   0x0000000000000000      0x106 ./drivers/src/stm32f411x_spi_driver.o
 .debug_line    0x0000000000000000      0x941 ./drivers/src/stm32f411x_spi_driver.o
 .debug_str     0x0000000000000000     0x6f6a ./drivers/src/stm32f411x_spi_driver.o
 .comment       0x0000000000000000       0x51 ./drivers/src/stm32f411x_spi_driver.o
 .debug_frame   0x0000000000000000      0x33c ./drivers/src/stm32f411x_spi_driver.o
 .ARM.attributes
                0x0000000000000000       0x34 ./drivers/src/stm32f411x_spi_driver.o
 .group         0x0000000000000000        0xc ./drivers/src/stm32f411x_usart_driver.o
 .group         0x0000000000000000        0xc ./drivers/src/stm32f411x_usart_driver.o
 .group         0x0000000000000000        0xc ./drivers/src/stm32f411x_usart_driver.o
 .group         0x0000000000000000        0xc ./drivers/src/stm32f411x_usart_driver.o
 .group         0x0000000000000000        0xc ./drivers/src/stm32f411x_usart_driver.o
 .group         0x0000000000000000        0xc ./drivers/src/stm32f411x_usart_driver.o
 .group         0x0000000000000000        0xc ./drivers/src/stm32f411x_usart_driver.o
 .group         0x0000000000000000        0xc ./drivers/src/stm32f411x_usart_driver.o
 .group         0x0000000000000000        0xc ./drivers/src/stm32f411x_usart_driver.o
 .group         0x0000000000000000        0xc ./drivers/src/stm32f411x_usart_driver.o
 .group         0x0000000000000000        0xc ./drivers/src/stm32f411x_usart_driver.o
 .group         0x0000000000000000        0xc ./drivers/src/stm32f411x_usart_driver.o
 .group         0x0000000000000000        0xc ./drivers/src/stm32f411x_usart_driver.o
 .text          0x0000000000000000        0x0 ./drivers/src/stm32f411x_usart_driver.o
 .data          0x0000000000000000        0x0 ./drivers/src/stm32f411x_usart_driver.o
 .bss           0x0000000000000000        0x0 ./drivers/src/stm32f411x_usart_driver.o
 .text.USART_SetBaudRate
                0x0000000000000000       0xe0 ./drivers/src/stm32f411x_usart_driver.o
 .text.USART_Init
                0x0000000000000000       0xf0 ./drivers/src/stm32f411x_usart_driver.o
 .text.USART_DeInit
                0x0000000000000000       0x88 ./drivers/src/stm32f411x_usart_driver.o
 .text.USART_SendData
                0x0000000000000000       0x94 ./drivers/src/stm32f411x_usart_driver.o
 .text.USART_ReceiveData
                0x0000000000000000       0xac ./drivers/src/stm32f411x_usart_driver.o
 .text.USART_SendDataIT
                0x0000000000000000       0x5c ./drivers/src/stm32f411x_usart_driver.o
 .text.USART_ReceiveDataIT
                0x0000000000000000       0x4c ./drivers/src/stm32f411x_usart_driver.o
 .text.USART_PCLK_Control
                0x0000000000000000       0xb0 ./drivers/src/stm32f411x_usart_driver.o
 .text.USART_Peripheral_Control
                0x0000000000000000       0x38 ./drivers/src/stm32f411x_usart_driver.o
 .text.USART_GetFlagStatus
                0x0000000000000000       0x30 ./drivers/src/stm32f411x_usart_driver.o
 .text.USART_IRQ_InterruptConfig
                0x0000000000000000       0x58 ./drivers/src/stm32f411x_usart_driver.o
 .text.USART_IRQ_PriorityConfig
                0x0000000000000000       0x54 ./drivers/src/stm32f411x_usart_driver.o
 .text.USART_IRQHandling
                0x0000000000000000      0x156 ./drivers/src/stm32f411x_usart_driver.o
 .text.USART_IRQ_Handle_TC
                0x0000000000000000       0x58 ./drivers/src/stm32f411x_usart_driver.o
 .text.USART_IRQ_Handle_TXE
                0x0000000000000000       0xb0 ./drivers/src/stm32f411x_usart_driver.o
 .text.USART_IRQ_Handle_RXNE
                0x0000000000000000       0xec ./drivers/src/stm32f411x_usart_driver.o
 .text.USART_IRQ_Handle_CTS
                0x0000000000000000       0x28 ./drivers/src/stm32f411x_usart_driver.o
 .text.USART_IRQ_Handle_IDLE
                0x0000000000000000       0x28 ./drivers/src/stm32f411x_usart_driver.o
 .text.USART_IRQ_Handle_ORE
                0x0000000000000000       0x18 ./drivers/src/stm32f411x_usart_driver.o
 .text.USART_IRQ_Handle_FE
                0x0000000000000000       0x28 ./drivers/src/stm32f411x_usart_driver.o
 .text.USART_IRQ_Handle_NE
                0x0000000000000000       0x28 ./drivers/src/stm32f411x_usart_driver.o
 .text.USART_ApplicationEventCallback
                0x0000000000000000       0x18 ./drivers/src/stm32f411x_usart_driver.o
 .debug_info    0x0000000000000000      0x9ae ./drivers/src/stm32f411x_usart_driver.o
 .debug_abbrev  0x0000000000000000      0x1dc ./drivers/src/stm32f411x_usart_driver.o
 .debug_aranges
                0x0000000000000000       0xc8 ./drivers/src/stm32f411x_usart_driver.o
 .debug_ranges  0x0000000000000000       0xb8 ./drivers/src/stm32f411x_usart_driver.o
 .debug_macro   0x0000000000000000       0xb8 ./drivers/src/stm32f411x_usart_driver.o
 .debug_macro   0x0000000000000000      0xa84 ./drivers/src/stm32f411x_usart_driver.o
 .debug_macro   0x0000000000000000       0x22 ./drivers/src/stm32f411x_usart_driver.o
 .debug_macro   0x0000000000000000       0x8e ./drivers/src/stm32f411x_usart_driver.o
 .debug_macro   0x0000000000000000       0x51 ./drivers/src/stm32f411x_usart_driver.o
 .debug_macro   0x0000000000000000      0x103 ./drivers/src/stm32f411x_usart_driver.o
 .debug_macro   0x0000000000000000       0x6a ./drivers/src/stm32f411x_usart_driver.o
 .debug_macro   0x0000000000000000      0x1df ./drivers/src/stm32f411x_usart_driver.o
 .debug_macro   0x0000000000000000      0x174 ./drivers/src/stm32f411x_usart_driver.o
 .debug_macro   0x0000000000000000      0x700 ./drivers/src/stm32f411x_usart_driver.o
 .debug_macro   0x0000000000000000      0x124 ./drivers/src/stm32f411x_usart_driver.o
 .debug_macro   0x0000000000000000       0xf4 ./drivers/src/stm32f411x_usart_driver.o
 .debug_macro   0x0000000000000000       0xfa ./drivers/src/stm32f411x_usart_driver.o
 .debug_macro   0x0000000000000000      0x106 ./drivers/src/stm32f411x_usart_driver.o
 .debug_line    0x0000000000000000      0xafb ./drivers/src/stm32f411x_usart_driver.o
 .debug_str     0x0000000000000000     0x7034 ./drivers/src/stm32f411x_usart_driver.o
 .comment       0x0000000000000000       0x51 ./drivers/src/stm32f411x_usart_driver.o
 .debug_frame   0x0000000000000000      0x350 ./drivers/src/stm32f411x_usart_driver.o
 .ARM.attributes
                0x0000000000000000       0x34 ./drivers/src/stm32f411x_usart_driver.o
 .text          0x0000000000000000        0x0 /home/bohdaholas/st/stm32cubeide_1.9.0/plugins/com.st.stm32cube.ide.mcu.externaltools.gnu-tools-for-stm32.10.3-2021.10.linux64_1.0.0.202111181127/tools/bin/../lib/gcc/arm-none-eabi/10.3.1/../../../../arm-none-eabi/lib/thumb/v7e-m+fp/hard/libc_nano.a(lib_a-exit.o)
 .data          0x0000000000000000        0x0 /home/bohdaholas/st/stm32cubeide_1.9.0/plugins/com.st.stm32cube.ide.mcu.externaltools.gnu-tools-for-stm32.10.3-2021.10.linux64_1.0.0.202111181127/tools/bin/../lib/gcc/arm-none-eabi/10.3.1/../../../../arm-none-eabi/lib/thumb/v7e-m+fp/hard/libc_nano.a(lib_a-exit.o)
 .bss           0x0000000000000000        0x0 /home/bohdaholas/st/stm32cubeide_1.9.0/plugins/com.st.stm32cube.ide.mcu.externaltools.gnu-tools-for-stm32.10.3-2021.10.linux64_1.0.0.202111181127/tools/bin/../lib/gcc/arm-none-eabi/10.3.1/../../../../arm-none-eabi/lib/thumb/v7e-m+fp/hard/libc_nano.a(lib_a-exit.o)
 .text.exit     0x0000000000000000       0x28 /home/bohdaholas/st/stm32cubeide_1.9.0/plugins/com.st.stm32cube.ide.mcu.externaltools.gnu-tools-for-stm32.10.3-2021.10.linux64_1.0.0.202111181127/tools/bin/../lib/gcc/arm-none-eabi/10.3.1/../../../../arm-none-eabi/lib/thumb/v7e-m+fp/hard/libc_nano.a(lib_a-exit.o)
 .debug_frame   0x0000000000000000       0x28 /home/bohdaholas/st/stm32cubeide_1.9.0/plugins/com.st.stm32cube.ide.mcu.externaltools.gnu-tools-for-stm32.10.3-2021.10.linux64_1.0.0.202111181127/tools/bin/../lib/gcc/arm-none-eabi/10.3.1/../../../../arm-none-eabi/lib/thumb/v7e-m+fp/hard/libc_nano.a(lib_a-exit.o)
 .ARM.attributes
                0x0000000000000000       0x34 /home/bohdaholas/st/stm32cubeide_1.9.0/plugins/com.st.stm32cube.ide.mcu.externaltools.gnu-tools-for-stm32.10.3-2021.10.linux64_1.0.0.202111181127/tools/bin/../lib/gcc/arm-none-eabi/10.3.1/../../../../arm-none-eabi/lib/thumb/v7e-m+fp/hard/libc_nano.a(lib_a-exit.o)
 .text          0x0000000000000000        0x0 /home/bohdaholas/st/stm32cubeide_1.9.0/plugins/com.st.stm32cube.ide.mcu.externaltools.gnu-tools-for-stm32.10.3-2021.10.linux64_1.0.0.202111181127/tools/bin/../lib/gcc/arm-none-eabi/10.3.1/../../../../arm-none-eabi/lib/thumb/v7e-m+fp/hard/libc_nano.a(lib_a-impure.o)
 .data          0x0000000000000000        0x0 /home/bohdaholas/st/stm32cubeide_1.9.0/plugins/com.st.stm32cube.ide.mcu.externaltools.gnu-tools-for-stm32.10.3-2021.10.linux64_1.0.0.202111181127/tools/bin/../lib/gcc/arm-none-eabi/10.3.1/../../../../arm-none-eabi/lib/thumb/v7e-m+fp/hard/libc_nano.a(lib_a-impure.o)
 .bss           0x0000000000000000        0x0 /home/bohdaholas/st/stm32cubeide_1.9.0/plugins/com.st.stm32cube.ide.mcu.externaltools.gnu-tools-for-stm32.10.3-2021.10.linux64_1.0.0.202111181127/tools/bin/../lib/gcc/arm-none-eabi/10.3.1/../../../../arm-none-eabi/lib/thumb/v7e-m+fp/hard/libc_nano.a(lib_a-impure.o)
 .data._impure_ptr
                0x0000000000000000        0x4 /home/bohdaholas/st/stm32cubeide_1.9.0/plugins/com.st.stm32cube.ide.mcu.externaltools.gnu-tools-for-stm32.10.3-2021.10.linux64_1.0.0.202111181127/tools/bin/../lib/gcc/arm-none-eabi/10.3.1/../../../../arm-none-eabi/lib/thumb/v7e-m+fp/hard/libc_nano.a(lib_a-impure.o)
 .data.impure_data
                0x0000000000000000       0x60 /home/bohdaholas/st/stm32cubeide_1.9.0/plugins/com.st.stm32cube.ide.mcu.externaltools.gnu-tools-for-stm32.10.3-2021.10.linux64_1.0.0.202111181127/tools/bin/../lib/gcc/arm-none-eabi/10.3.1/../../../../arm-none-eabi/lib/thumb/v7e-m+fp/hard/libc_nano.a(lib_a-impure.o)
 .rodata._global_impure_ptr
                0x0000000000000000        0x4 /home/bohdaholas/st/stm32cubeide_1.9.0/plugins/com.st.stm32cube.ide.mcu.externaltools.gnu-tools-for-stm32.10.3-2021.10.linux64_1.0.0.202111181127/tools/bin/../lib/gcc/arm-none-eabi/10.3.1/../../../../arm-none-eabi/lib/thumb/v7e-m+fp/hard/libc_nano.a(lib_a-impure.o)
 .ARM.attributes
                0x0000000000000000       0x34 /home/bohdaholas/st/stm32cubeide_1.9.0/plugins/com.st.stm32cube.ide.mcu.externaltools.gnu-tools-for-stm32.10.3-2021.10.linux64_1.0.0.202111181127/tools/bin/../lib/gcc/arm-none-eabi/10.3.1/../../../../arm-none-eabi/lib/thumb/v7e-m+fp/hard/libc_nano.a(lib_a-impure.o)
 .text          0x0000000000000000        0x0 /home/bohdaholas/st/stm32cubeide_1.9.0/plugins/com.st.stm32cube.ide.mcu.externaltools.gnu-tools-for-stm32.10.3-2021.10.linux64_1.0.0.202111181127/tools/bin/../lib/gcc/arm-none-eabi/10.3.1/../../../../arm-none-eabi/lib/thumb/v7e-m+fp/hard/libc_nano.a(lib_a-init.o)
 .data          0x0000000000000000        0x0 /home/bohdaholas/st/stm32cubeide_1.9.0/plugins/com.st.stm32cube.ide.mcu.externaltools.gnu-tools-for-stm32.10.3-2021.10.linux64_1.0.0.202111181127/tools/bin/../lib/gcc/arm-none-eabi/10.3.1/../../../../arm-none-eabi/lib/thumb/v7e-m+fp/hard/libc_nano.a(lib_a-init.o)
 .bss           0x0000000000000000        0x0 /home/bohdaholas/st/stm32cubeide_1.9.0/plugins/com.st.stm32cube.ide.mcu.externaltools.gnu-tools-for-stm32.10.3-2021.10.linux64_1.0.0.202111181127/tools/bin/../lib/gcc/arm-none-eabi/10.3.1/../../../../arm-none-eabi/lib/thumb/v7e-m+fp/hard/libc_nano.a(lib_a-init.o)
 .text          0x0000000000000000        0x0 /home/bohdaholas/st/stm32cubeide_1.9.0/plugins/com.st.stm32cube.ide.mcu.externaltools.gnu-tools-for-stm32.10.3-2021.10.linux64_1.0.0.202111181127/tools/bin/../lib/gcc/arm-none-eabi/10.3.1/../../../../arm-none-eabi/lib/thumb/v7e-m+fp/hard/libc_nano.a(lib_a-memset.o)
 .data          0x0000000000000000        0x0 /home/bohdaholas/st/stm32cubeide_1.9.0/plugins/com.st.stm32cube.ide.mcu.externaltools.gnu-tools-for-stm32.10.3-2021.10.linux64_1.0.0.202111181127/tools/bin/../lib/gcc/arm-none-eabi/10.3.1/../../../../arm-none-eabi/lib/thumb/v7e-m+fp/hard/libc_nano.a(lib_a-memset.o)
 .bss           0x0000000000000000        0x0 /home/bohdaholas/st/stm32cubeide_1.9.0/plugins/com.st.stm32cube.ide.mcu.externaltools.gnu-tools-for-stm32.10.3-2021.10.linux64_1.0.0.202111181127/tools/bin/../lib/gcc/arm-none-eabi/10.3.1/../../../../arm-none-eabi/lib/thumb/v7e-m+fp/hard/libc_nano.a(lib_a-memset.o)
 .text          0x0000000000000000        0x0 /home/bohdaholas/st/stm32cubeide_1.9.0/plugins/com.st.stm32cube.ide.mcu.externaltools.gnu-tools-for-stm32.10.3-2021.10.linux64_1.0.0.202111181127/tools/bin/../lib/gcc/arm-none-eabi/10.3.1/../../../../arm-none-eabi/lib/thumb/v7e-m+fp/hard/libnosys.a(_exit.o)
 .data          0x0000000000000000        0x0 /home/bohdaholas/st/stm32cubeide_1.9.0/plugins/com.st.stm32cube.ide.mcu.externaltools.gnu-tools-for-stm32.10.3-2021.10.linux64_1.0.0.202111181127/tools/bin/../lib/gcc/arm-none-eabi/10.3.1/../../../../arm-none-eabi/lib/thumb/v7e-m+fp/hard/libnosys.a(_exit.o)
 .bss           0x0000000000000000        0x0 /home/bohdaholas/st/stm32cubeide_1.9.0/plugins/com.st.stm32cube.ide.mcu.externaltools.gnu-tools-for-stm32.10.3-2021.10.linux64_1.0.0.202111181127/tools/bin/../lib/gcc/arm-none-eabi/10.3.1/../../../../arm-none-eabi/lib/thumb/v7e-m+fp/hard/libnosys.a(_exit.o)
 .text._exit    0x0000000000000000        0x2 /home/bohdaholas/st/stm32cubeide_1.9.0/plugins/com.st.stm32cube.ide.mcu.externaltools.gnu-tools-for-stm32.10.3-2021.10.linux64_1.0.0.202111181127/tools/bin/../lib/gcc/arm-none-eabi/10.3.1/../../../../arm-none-eabi/lib/thumb/v7e-m+fp/hard/libnosys.a(_exit.o)
 .debug_frame   0x0000000000000000       0x20 /home/bohdaholas/st/stm32cubeide_1.9.0/plugins/com.st.stm32cube.ide.mcu.externaltools.gnu-tools-for-stm32.10.3-2021.10.linux64_1.0.0.202111181127/tools/bin/../lib/gcc/arm-none-eabi/10.3.1/../../../../arm-none-eabi/lib/thumb/v7e-m+fp/hard/libnosys.a(_exit.o)
 .ARM.attributes
                0x0000000000000000       0x34 /home/bohdaholas/st/stm32cubeide_1.9.0/plugins/com.st.stm32cube.ide.mcu.externaltools.gnu-tools-for-stm32.10.3-2021.10.linux64_1.0.0.202111181127/tools/bin/../lib/gcc/arm-none-eabi/10.3.1/../../../../arm-none-eabi/lib/thumb/v7e-m+fp/hard/libnosys.a(_exit.o)
 .text          0x0000000000000000        0x0 /home/bohdaholas/st/stm32cubeide_1.9.0/plugins/com.st.stm32cube.ide.mcu.externaltools.gnu-tools-for-stm32.10.3-2021.10.linux64_1.0.0.202111181127/tools/bin/../lib/gcc/arm-none-eabi/10.3.1/thumb/v7e-m+fp/hard/crtend.o
 .data          0x0000000000000000        0x0 /home/bohdaholas/st/stm32cubeide_1.9.0/plugins/com.st.stm32cube.ide.mcu.externaltools.gnu-tools-for-stm32.10.3-2021.10.linux64_1.0.0.202111181127/tools/bin/../lib/gcc/arm-none-eabi/10.3.1/thumb/v7e-m+fp/hard/crtend.o
 .bss           0x0000000000000000        0x0 /home/bohdaholas/st/stm32cubeide_1.9.0/plugins/com.st.stm32cube.ide.mcu.externaltools.gnu-tools-for-stm32.10.3-2021.10.linux64_1.0.0.202111181127/tools/bin/../lib/gcc/arm-none-eabi/10.3.1/thumb/v7e-m+fp/hard/crtend.o
 .rodata        0x0000000000000000       0x24 /home/bohdaholas/st/stm32cubeide_1.9.0/plugins/com.st.stm32cube.ide.mcu.externaltools.gnu-tools-for-stm32.10.3-2021.10.linux64_1.0.0.202111181127/tools/bin/../lib/gcc/arm-none-eabi/10.3.1/thumb/v7e-m+fp/hard/crtend.o
 .eh_frame      0x0000000000000000        0x4 /home/bohdaholas/st/stm32cubeide_1.9.0/plugins/com.st.stm32cube.ide.mcu.externaltools.gnu-tools-for-stm32.10.3-2021.10.linux64_1.0.0.202111181127/tools/bin/../lib/gcc/arm-none-eabi/10.3.1/thumb/v7e-m+fp/hard/crtend.o
 .ARM.attributes
                0x0000000000000000       0x34 /home/bohdaholas/st/stm32cubeide_1.9.0/plugins/com.st.stm32cube.ide.mcu.externaltools.gnu-tools-for-stm32.10.3-2021.10.linux64_1.0.0.202111181127/tools/bin/../lib/gcc/arm-none-eabi/10.3.1/thumb/v7e-m+fp/hard/crtend.o
 .text          0x0000000000000000        0x0 /home/bohdaholas/st/stm32cubeide_1.9.0/plugins/com.st.stm32cube.ide.mcu.externaltools.gnu-tools-for-stm32.10.3-2021.10.linux64_1.0.0.202111181127/tools/bin/../lib/gcc/arm-none-eabi/10.3.1/thumb/v7e-m+fp/hard/crtn.o
 .data          0x0000000000000000        0x0 /home/bohdaholas/st/stm32cubeide_1.9.0/plugins/com.st.stm32cube.ide.mcu.externaltools.gnu-tools-for-stm32.10.3-2021.10.linux64_1.0.0.202111181127/tools/bin/../lib/gcc/arm-none-eabi/10.3.1/thumb/v7e-m+fp/hard/crtn.o
 .bss           0x0000000000000000        0x0 /home/bohdaholas/st/stm32cubeide_1.9.0/plugins/com.st.stm32cube.ide.mcu.externaltools.gnu-tools-for-stm32.10.3-2021.10.linux64_1.0.0.202111181127/tools/bin/../lib/gcc/arm-none-eabi/10.3.1/thumb/v7e-m+fp/hard/crtn.o

Memory Configuration

Name             Origin             Length             Attributes
RAM              0x0000000020000000 0x0000000000020000 xrw
FLASH            0x0000000008000000 0x0000000000080000 xr
*default*        0x0000000000000000 0xffffffffffffffff

Linker script and memory map

LOAD /home/bohdaholas/st/stm32cubeide_1.9.0/plugins/com.st.stm32cube.ide.mcu.externaltools.gnu-tools-for-stm32.10.3-2021.10.linux64_1.0.0.202111181127/tools/bin/../lib/gcc/arm-none-eabi/10.3.1/thumb/v7e-m+fp/hard/crti.o
LOAD /home/bohdaholas/st/stm32cubeide_1.9.0/plugins/com.st.stm32cube.ide.mcu.externaltools.gnu-tools-for-stm32.10.3-2021.10.linux64_1.0.0.202111181127/tools/bin/../lib/gcc/arm-none-eabi/10.3.1/thumb/v7e-m+fp/hard/crtbegin.o
LOAD /home/bohdaholas/st/stm32cubeide_1.9.0/plugins/com.st.stm32cube.ide.mcu.externaltools.gnu-tools-for-stm32.10.3-2021.10.linux64_1.0.0.202111181127/tools/bin/../lib/gcc/arm-none-eabi/10.3.1/../../../../arm-none-eabi/lib/thumb/v7e-m+fp/hard/crt0.o
LOAD ./Src/gpio/0_led_toggle_on_button_press.o
LOAD ./Startup/startup_stm32f411vetx.o
LOAD ./drivers/src/stm32f411x_gpio_driver.o
LOAD ./drivers/src/stm32f411x_i2c_driver.o
LOAD ./drivers/src/stm32f411x_rcc_driver.o
LOAD ./drivers/src/stm32f411x_spi_driver.o
LOAD ./drivers/src/stm32f411x_usart_driver.o
START GROUP
LOAD /home/bohdaholas/st/stm32cubeide_1.9.0/plugins/com.st.stm32cube.ide.mcu.externaltools.gnu-tools-for-stm32.10.3-2021.10.linux64_1.0.0.202111181127/tools/bin/../lib/gcc/arm-none-eabi/10.3.1/../../../../arm-none-eabi/lib/thumb/v7e-m+fp/hard/libc_nano.a
LOAD /home/bohdaholas/st/stm32cubeide_1.9.0/plugins/com.st.stm32cube.ide.mcu.externaltools.gnu-tools-for-stm32.10.3-2021.10.linux64_1.0.0.202111181127/tools/bin/../lib/gcc/arm-none-eabi/10.3.1/../../../../arm-none-eabi/lib/thumb/v7e-m+fp/hard/libm.a
END GROUP
START GROUP
LOAD /home/bohdaholas/st/stm32cubeide_1.9.0/plugins/com.st.stm32cube.ide.mcu.externaltools.gnu-tools-for-stm32.10.3-2021.10.linux64_1.0.0.202111181127/tools/bin/../lib/gcc/arm-none-eabi/10.3.1/thumb/v7e-m+fp/hard/libgcc.a
LOAD /home/bohdaholas/st/stm32cubeide_1.9.0/plugins/com.st.stm32cube.ide.mcu.externaltools.gnu-tools-for-stm32.10.3-2021.10.linux64_1.0.0.202111181127/tools/bin/../lib/gcc/arm-none-eabi/10.3.1/../../../../arm-none-eabi/lib/thumb/v7e-m+fp/hard/libc_nano.a
END GROUP
START GROUP
LOAD /home/bohdaholas/st/stm32cubeide_1.9.0/plugins/com.st.stm32cube.ide.mcu.externaltools.gnu-tools-for-stm32.10.3-2021.10.linux64_1.0.0.202111181127/tools/bin/../lib/gcc/arm-none-eabi/10.3.1/thumb/v7e-m+fp/hard/libgcc.a
LOAD /home/bohdaholas/st/stm32cubeide_1.9.0/plugins/com.st.stm32cube.ide.mcu.externaltools.gnu-tools-for-stm32.10.3-2021.10.linux64_1.0.0.202111181127/tools/bin/../lib/gcc/arm-none-eabi/10.3.1/../../../../arm-none-eabi/lib/thumb/v7e-m+fp/hard/libc_nano.a
LOAD /home/bohdaholas/st/stm32cubeide_1.9.0/plugins/com.st.stm32cube.ide.mcu.externaltools.gnu-tools-for-stm32.10.3-2021.10.linux64_1.0.0.202111181127/tools/bin/../lib/gcc/arm-none-eabi/10.3.1/../../../../arm-none-eabi/lib/thumb/v7e-m+fp/hard/libnosys.a
END GROUP
START GROUP
LOAD /home/bohdaholas/st/stm32cubeide_1.9.0/plugins/com.st.stm32cube.ide.mcu.externaltools.gnu-tools-for-stm32.10.3-2021.10.linux64_1.0.0.202111181127/tools/bin/../lib/gcc/arm-none-eabi/10.3.1/thumb/v7e-m+fp/hard/libgcc.a
LOAD /home/bohdaholas/st/stm32cubeide_1.9.0/plugins/com.st.stm32cube.ide.mcu.externaltools.gnu-tools-for-stm32.10.3-2021.10.linux64_1.0.0.202111181127/tools/bin/../lib/gcc/arm-none-eabi/10.3.1/../../../../arm-none-eabi/lib/thumb/v7e-m+fp/hard/libc_nano.a
LOAD /home/bohdaholas/st/stm32cubeide_1.9.0/plugins/com.st.stm32cube.ide.mcu.externaltools.gnu-tools-for-stm32.10.3-2021.10.linux64_1.0.0.202111181127/tools/bin/../lib/gcc/arm-none-eabi/10.3.1/../../../../arm-none-eabi/lib/thumb/v7e-m+fp/hard/libnosys.a
END GROUP
LOAD /home/bohdaholas/st/stm32cubeide_1.9.0/plugins/com.st.stm32cube.ide.mcu.externaltools.gnu-tools-for-stm32.10.3-2021.10.linux64_1.0.0.202111181127/tools/bin/../lib/gcc/arm-none-eabi/10.3.1/thumb/v7e-m+fp/hard/crtend.o
LOAD /home/bohdaholas/st/stm32cubeide_1.9.0/plugins/com.st.stm32cube.ide.mcu.externaltools.gnu-tools-for-stm32.10.3-2021.10.linux64_1.0.0.202111181127/tools/bin/../lib/gcc/arm-none-eabi/10.3.1/thumb/v7e-m+fp/hard/crtn.o
                0x0000000020020000                _estack = (ORIGIN (RAM) + LENGTH (RAM))
                0x0000000000000200                _Min_Heap_Size = 0x200
                0x0000000000000400                _Min_Stack_Size = 0x400

.isr_vector     0x0000000008000000      0x198
                0x0000000008000000                . = ALIGN (0x4)
 *(.isr_vector)
 .isr_vector    0x0000000008000000      0x198 ./Startup/startup_stm32f411vetx.o
                0x0000000008000000                g_pfnVectors
                0x0000000008000198                . = ALIGN (0x4)

.text           0x0000000008000198      0x68c
                0x0000000008000198                . = ALIGN (0x4)
 *(.text)
 .text          0x0000000008000198       0x40 /home/bohdaholas/st/stm32cubeide_1.9.0/plugins/com.st.stm32cube.ide.mcu.externaltools.gnu-tools-for-stm32.10.3-2021.10.linux64_1.0.0.202111181127/tools/bin/../lib/gcc/arm-none-eabi/10.3.1/thumb/v7e-m+fp/hard/crtbegin.o
 *(.text*)
 .text.delay    0x00000000080001d8       0x32 ./Src/gpio/0_led_toggle_on_button_press.o
                0x00000000080001d8                delay
 *fill*         0x000000000800020a        0x2 
 .text.main     0x000000000800020c       0x7c ./Src/gpio/0_led_toggle_on_button_press.o
                0x000000000800020c                main
 .text.EXTI0_IRQHandler
                0x0000000008000288       0x20 ./Src/gpio/0_led_toggle_on_button_press.o
                0x0000000008000288                EXTI0_IRQHandler
 .text.Reset_Handler
                0x00000000080002a8       0x50 ./Startup/startup_stm32f411vetx.o
                0x00000000080002a8                Reset_Handler
 .text.Default_Handler
                0x00000000080002f8        0x2 ./Startup/startup_stm32f411vetx.o
                0x00000000080002f8                RTC_Alarm_IRQHandler
                0x00000000080002f8                EXTI2_IRQHandler
                0x00000000080002f8                DebugMon_Handler
                0x00000000080002f8                SPI4_IRQHandler
                0x00000000080002f8                TIM1_CC_IRQHandler
                0x00000000080002f8                DMA2_Stream5_IRQHandler
                0x00000000080002f8                HardFault_Handler
                0x00000000080002f8                DMA1_Stream5_IRQHandler
                0x00000000080002f8                SysTick_Handler
                0x00000000080002f8                PVD_IRQHandler
                0x00000000080002f8                SDIO_IRQHandler
                0x00000000080002f8                TAMP_STAMP_IRQHandler
                0x00000000080002f8                PendSV_Handler
                0x00000000080002f8                NMI_Handler
                0x00000000080002f8                EXTI3_IRQHandler
                0x00000000080002f8                TIM1_UP_TIM10_IRQHandler
                0x00000000080002f8                I2C3_ER_IRQHandler
                0x00000000080002f8                I2C2_EV_IRQHandler
                0x00000000080002f8                DMA1_Stream2_IRQHandler
                0x00000000080002f8                FPU_IRQHandler
                0x00000000080002f8                UsageFault_Handler
                0x00000000080002f8                DMA2_Stream2_IRQHandler
                0x00000000080002f8                SPI1_IRQHandler
                0x00000000080002f8                TIM1_BRK_TIM9_IRQHandler
                0x00000000080002f8                DMA2_Stream3_IRQHandler
                0x00000000080002f8                USART6_IRQHandler
                0x00000000080002f8                DMA2_Stream0_IRQHandler
                0x00000000080002f8                TIM4_IRQHandler
                0x00000000080002f8                I2C1_EV_IRQHandler
                0x00000000080002f8                DMA1_Stream6_IRQHandler
                0x00000000080002f8                DMA1_Stream1_IRQHandler
                0x00000000080002f8                TIM3_IRQHandler
                0x00000000080002f8                RCC_IRQHandler
                0x00000000080002f8                Default_Handler
                0x00000000080002f8                EXTI15_10_IRQHandler
                0x00000000080002f8                ADC_IRQHandler
                0x00000000080002f8                DMA1_Stream7_IRQHandler
                0x00000000080002f8                SPI5_IRQHandler
                0x00000000080002f8                TIM5_IRQHandler
                0x00000000080002f8                DMA2_Stream7_IRQHandler
                0x00000000080002f8                I2C3_EV_IRQHandler
                0x00000000080002f8                EXTI9_5_IRQHandler
                0x00000000080002f8                RTC_WKUP_IRQHandler
                0x00000000080002f8                SPI2_IRQHandler
                0x00000000080002f8                MemManage_Handler
                0x00000000080002f8                DMA1_Stream0_IRQHandler
                0x00000000080002f8                SVC_Handler
                0x00000000080002f8                EXTI4_IRQHandler
                0x00000000080002f8                WWDG_IRQHandler
                0x00000000080002f8                TIM2_IRQHandler
                0x00000000080002f8                OTG_FS_WKUP_IRQHandler
                0x00000000080002f8                TIM1_TRG_COM_TIM11_IRQHandler
                0x00000000080002f8                EXTI1_IRQHandler
                0x00000000080002f8                USART2_IRQHandler
                0x00000000080002f8                I2C2_ER_IRQHandler
                0x00000000080002f8                DMA2_Stream1_IRQHandler
                0x00000000080002f8                FLASH_IRQHandler
                0x00000000080002f8                DMA2_Stream4_IRQHandler
                0x00000000080002f8                BusFault_Handler
                0x00000000080002f8                USART1_IRQHandler
                0x00000000080002f8                OTG_FS_IRQHandler
                0x00000000080002f8                SPI3_IRQHandler
                0x00000000080002f8                DMA1_Stream4_IRQHandler
                0x00000000080002f8                I2C1_ER_IRQHandler
                0x00000000080002f8                DMA2_Stream6_IRQHandler
                0x00000000080002f8                DMA1_Stream3_IRQHandler
 .text.GPIO_SetReg
                0x00000000080002fa       0x74 ./drivers/src/stm32f411x_gpio_driver.o
                0x00000000080002fa                GPIO_SetReg
 *fill*         0x000000000800036e        0x2 
 .text.convertAddrToCode
                0x0000000008000370       0x68 ./drivers/src/stm32f411x_gpio_driver.o
                0x0000000008000370                convertAddrToCode
 .text.GPIO_Init
                0x00000000080003d8      0x1b0 ./drivers/src/stm32f411x_gpio_driver.o
                0x00000000080003d8                GPIO_Init
 .text.GPIO_PCLK_Control
                0x0000000008000588      0x12c ./drivers/src/stm32f411x_gpio_driver.o
                0x0000000008000588                GPIO_PCLK_Control
 .text.GPIO_WritePin
                0x00000000080006b4       0x42 ./drivers/src/stm32f411x_gpio_driver.o
                0x00000000080006b4                GPIO_WritePin
 .text.GPIO_TogglePin
                0x00000000080006f6       0x2a ./drivers/src/stm32f411x_gpio_driver.o
                0x00000000080006f6                GPIO_TogglePin
 .text.GPIO_IRQ_InterruptConfig
                0x0000000008000720       0x54 ./drivers/src/stm32f411x_gpio_driver.o
                0x0000000008000720                GPIO_IRQ_InterruptConfig
 .text.GPIO_IRQ_Handling
                0x0000000008000774       0x40 ./drivers/src/stm32f411x_gpio_driver.o
                0x0000000008000774                GPIO_IRQ_Handling
 .text.__libc_init_array
                0x00000000080007b4       0x48 /home/bohdaholas/st/stm32cubeide_1.9.0/plugins/com.st.stm32cube.ide.mcu.externaltools.gnu-tools-for-stm32.10.3-2021.10.linux64_1.0.0.202111181127/tools/bin/../lib/gcc/arm-none-eabi/10.3.1/../../../../arm-none-eabi/lib/thumb/v7e-m+fp/hard/libc_nano.a(lib_a-init.o)
                0x00000000080007b4                __libc_init_array
 .text.memset   0x00000000080007fc       0x10 /home/bohdaholas/st/stm32cubeide_1.9.0/plugins/com.st.stm32cube.ide.mcu.externaltools.gnu-tools-for-stm32.10.3-2021.10.linux64_1.0.0.202111181127/tools/bin/../lib/gcc/arm-none-eabi/10.3.1/../../../../arm-none-eabi/lib/thumb/v7e-m+fp/hard/libc_nano.a(lib_a-memset.o)
                0x00000000080007fc                memset
 *(.glue_7)
 .glue_7        0x000000000800080c        0x0 linker stubs
 *(.glue_7t)
 .glue_7t       0x000000000800080c        0x0 linker stubs
 *(.eh_frame)
 .eh_frame      0x000000000800080c        0x0 /home/bohdaholas/st/stm32cubeide_1.9.0/plugins/com.st.stm32cube.ide.mcu.externaltools.gnu-tools-for-stm32.10.3-2021.10.linux64_1.0.0.202111181127/tools/bin/../lib/gcc/arm-none-eabi/10.3.1/thumb/v7e-m+fp/hard/crtbegin.o
 *(.init)
 .init          0x000000000800080c        0x4 /home/bohdaholas/st/stm32cubeide_1.9.0/plugins/com.st.stm32cube.ide.mcu.externaltools.gnu-tools-for-stm32.10.3-2021.10.linux64_1.0.0.202111181127/tools/bin/../lib/gcc/arm-none-eabi/10.3.1/thumb/v7e-m+fp/hard/crti.o
                0x000000000800080c                _init
 .init          0x0000000008000810        0x8 /home/bohdaholas/st/stm32cubeide_1.9.0/plugins/com.st.stm32cube.ide.mcu.externaltools.gnu-tools-for-stm32.10.3-2021.10.linux64_1.0.0.202111181127/tools/bin/../lib/gcc/arm-none-eabi/10.3.1/thumb/v7e-m+fp/hard/crtn.o
 *(.fini)
 .fini          0x0000000008000818        0x4 /home/bohdaholas/st/stm32cubeide_1.9.0/plugins/com.st.stm32cube.ide.mcu.externaltools.gnu-tools-for-stm32.10.3-2021.10.linux64_1.0.0.202111181127/tools/bin/../lib/gcc/arm-none-eabi/10.3.1/thumb/v7e-m+fp/hard/crti.o
                0x0000000008000818                _fini
 .fini          0x000000000800081c        0x8 /home/bohdaholas/st/stm32cubeide_1.9.0/plugins/com.st.stm32cube.ide.mcu.externaltools.gnu-tools-for-stm32.10.3-2021.10.linux64_1.0.0.202111181127/tools/bin/../lib/gcc/arm-none-eabi/10.3.1/thumb/v7e-m+fp/hard/crtn.o
                0x0000000008000824                . = ALIGN (0x4)
                0x0000000008000824                _etext = .

.vfp11_veneer   0x0000000008000824        0x0
 .vfp11_veneer  0x0000000008000824        0x0 linker stubs

.v4_bx          0x0000000008000824        0x0
 .v4_bx         0x0000000008000824        0x0 linker stubs

.iplt           0x0000000008000824        0x0
 .iplt          0x0000000008000824        0x0 /home/bohdaholas/st/stm32cubeide_1.9.0/plugins/com.st.stm32cube.ide.mcu.externaltools.gnu-tools-for-stm32.10.3-2021.10.linux64_1.0.0.202111181127/tools/bin/../lib/gcc/arm-none-eabi/10.3.1/thumb/v7e-m+fp/hard/crtbegin.o

.rel.dyn        0x0000000008000824        0x0
 .rel.iplt      0x0000000008000824        0x0 /home/bohdaholas/st/stm32cubeide_1.9.0/plugins/com.st.stm32cube.ide.mcu.externaltools.gnu-tools-for-stm32.10.3-2021.10.linux64_1.0.0.202111181127/tools/bin/../lib/gcc/arm-none-eabi/10.3.1/thumb/v7e-m+fp/hard/crtbegin.o

.rodata         0x0000000008000824        0x0
                0x0000000008000824                . = ALIGN (0x4)
 *(.rodata)
 *(.rodata*)
                0x0000000008000824                . = ALIGN (0x4)

.ARM.extab      0x0000000008000824        0x0
                0x0000000008000824                . = ALIGN (0x4)
 *(.ARM.extab* .gnu.linkonce.armextab.*)
                0x0000000008000824                . = ALIGN (0x4)

.ARM            0x0000000008000824        0x0
                0x0000000008000824                . = ALIGN (0x4)
                0x0000000008000824                __exidx_start = .
 *(.ARM.exidx*)
                0x0000000008000824                __exidx_end = .
                0x0000000008000824                . = ALIGN (0x4)

.preinit_array  0x0000000008000824        0x0
                0x0000000008000824                . = ALIGN (0x4)
                0x0000000008000824                PROVIDE (__preinit_array_start = .)
 *(.preinit_array*)
                0x0000000008000824                PROVIDE (__preinit_array_end = .)
                0x0000000008000824                . = ALIGN (0x4)

.init_array     0x0000000008000824        0x4
                0x0000000008000824                . = ALIGN (0x4)
                0x0000000008000824                PROVIDE (__init_array_start = .)
 *(SORT_BY_NAME(.init_array.*))
 *(.init_array*)
 .init_array    0x0000000008000824        0x4 /home/bohdaholas/st/stm32cubeide_1.9.0/plugins/com.st.stm32cube.ide.mcu.externaltools.gnu-tools-for-stm32.10.3-2021.10.linux64_1.0.0.202111181127/tools/bin/../lib/gcc/arm-none-eabi/10.3.1/thumb/v7e-m+fp/hard/crtbegin.o
                0x0000000008000828                PROVIDE (__init_array_end = .)
                0x0000000008000828                . = ALIGN (0x4)

.fini_array     0x0000000008000828        0x4
                0x0000000008000828                . = ALIGN (0x4)
                [!provide]                        PROVIDE (__fini_array_start = .)
 *(SORT_BY_NAME(.fini_array.*))
 *(.fini_array*)
 .fini_array    0x0000000008000828        0x4 /home/bohdaholas/st/stm32cubeide_1.9.0/plugins/com.st.stm32cube.ide.mcu.externaltools.gnu-tools-for-stm32.10.3-2021.10.linux64_1.0.0.202111181127/tools/bin/../lib/gcc/arm-none-eabi/10.3.1/thumb/v7e-m+fp/hard/crtbegin.o
                [!provide]                        PROVIDE (__fini_array_end = .)
                0x000000000800082c                . = ALIGN (0x4)
                0x000000000800082c                _sidata = LOADADDR (.data)

.data           0x0000000020000000        0x0 load address 0x000000000800082c
                0x0000000020000000                . = ALIGN (0x4)
                0x0000000020000000                _sdata = .
 *(.data)
 *(.data*)
 *(.RamFunc)
 *(.RamFunc*)
                0x0000000020000000                . = ALIGN (0x4)
                0x0000000020000000                _edata = .

.igot.plt       0x0000000020000000        0x0 load address 0x000000000800082c
 .igot.plt      0x0000000020000000        0x0 /home/bohdaholas/st/stm32cubeide_1.9.0/plugins/com.st.stm32cube.ide.mcu.externaltools.gnu-tools-for-stm32.10.3-2021.10.linux64_1.0.0.202111181127/tools/bin/../lib/gcc/arm-none-eabi/10.3.1/thumb/v7e-m+fp/hard/crtbegin.o
                0x0000000020000000                . = ALIGN (0x4)

.bss            0x0000000020000000       0x1c load address 0x000000000800082c
                0x0000000020000000                _sbss = .
                0x0000000020000000                __bss_start__ = _sbss
 *(.bss)
 .bss           0x0000000020000000       0x1c /home/bohdaholas/st/stm32cubeide_1.9.0/plugins/com.st.stm32cube.ide.mcu.externaltools.gnu-tools-for-stm32.10.3-2021.10.linux64_1.0.0.202111181127/tools/bin/../lib/gcc/arm-none-eabi/10.3.1/thumb/v7e-m+fp/hard/crtbegin.o
 *(.bss*)
 *(COMMON)
                0x000000002000001c                . = ALIGN (0x4)
                0x000000002000001c                _ebss = .
                0x000000002000001c                __bss_end__ = _ebss

._user_heap_stack
                0x000000002000001c      0x604 load address 0x000000000800082c
                0x0000000020000020                . = ALIGN (0x8)
 *fill*         0x000000002000001c        0x4 
                [!provide]                        PROVIDE (end = .)
                [!provide]                        PROVIDE (_end = .)
                0x0000000020000220                . = (. + _Min_Heap_Size)
 *fill*         0x0000000020000020      0x200 
                0x0000000020000620                . = (. + _Min_Stack_Size)
 *fill*         0x0000000020000220      0x400 
                0x0000000020000620                . = ALIGN (0x8)

/DISCARD/
 libc.a(*)
 libm.a(*)
 libgcc.a(*)

.ARM.attributes
                0x0000000000000000       0x30
 *(.ARM.attributes)
 .ARM.attributes
                0x0000000000000000       0x1e /home/bohdaholas/st/stm32cubeide_1.9.0/plugins/com.st.stm32cube.ide.mcu.externaltools.gnu-tools-for-stm32.10.3-2021.10.linux64_1.0.0.202111181127/tools/bin/../lib/gcc/arm-none-eabi/10.3.1/thumb/v7e-m+fp/hard/crti.o
 .ARM.attributes
                0x000000000000001e       0x34 /home/bohdaholas/st/stm32cubeide_1.9.0/plugins/com.st.stm32cube.ide.mcu.externaltools.gnu-tools-for-stm32.10.3-2021.10.linux64_1.0.0.202111181127/tools/bin/../lib/gcc/arm-none-eabi/10.3.1/thumb/v7e-m+fp/hard/crtbegin.o
 .ARM.attributes
                0x0000000000000052       0x34 ./Src/gpio/0_led_toggle_on_button_press.o
 .ARM.attributes
                0x0000000000000086       0x21 ./Startup/startup_stm32f411vetx.o
 .ARM.attributes
                0x00000000000000a7       0x34 ./drivers/src/stm32f411x_gpio_driver.o
 .ARM.attributes
                0x00000000000000db       0x34 /home/bohdaholas/st/stm32cubeide_1.9.0/plugins/com.st.stm32cube.ide.mcu.externaltools.gnu-tools-for-stm32.10.3-2021.10.linux64_1.0.0.202111181127/tools/bin/../lib/gcc/arm-none-eabi/10.3.1/../../../../arm-none-eabi/lib/thumb/v7e-m+fp/hard/libc_nano.a(lib_a-init.o)
 .ARM.attributes
                0x000000000000010f       0x34 /home/bohdaholas/st/stm32cubeide_1.9.0/plugins/com.st.stm32cube.ide.mcu.externaltools.gnu-tools-for-stm32.10.3-2021.10.linux64_1.0.0.202111181127/tools/bin/../lib/gcc/arm-none-eabi/10.3.1/../../../../arm-none-eabi/lib/thumb/v7e-m+fp/hard/libc_nano.a(lib_a-memset.o)
 .ARM.attributes
                0x0000000000000143       0x1e /home/bohdaholas/st/stm32cubeide_1.9.0/plugins/com.st.stm32cube.ide.mcu.externaltools.gnu-tools-for-stm32.10.3-2021.10.linux64_1.0.0.202111181127/tools/bin/../lib/gcc/arm-none-eabi/10.3.1/thumb/v7e-m+fp/hard/crtn.o
OUTPUT(stm32_drivers.elf elf32-littlearm)
LOAD linker stubs
LOAD /home/bohdaholas/st/stm32cubeide_1.9.0/plugins/com.st.stm32cube.ide.mcu.externaltools.gnu-tools-for-stm32.10.3-2021.10.linux64_1.0.0.202111181127/tools/bin/../lib/gcc/arm-none-eabi/10.3.1/../../../../arm-none-eabi/lib/thumb/v7e-m+fp/hard/libc.a
LOAD /home/bohdaholas/st/stm32cubeide_1.9.0/plugins/com.st.stm32cube.ide.mcu.externaltools.gnu-tools-for-stm32.10.3-2021.10.linux64_1.0.0.202111181127/tools/bin/../lib/gcc/arm-none-eabi/10.3.1/../../../../arm-none-eabi/lib/thumb/v7e-m+fp/hard/libm.a
LOAD /home/bohdaholas/st/stm32cubeide_1.9.0/plugins/com.st.stm32cube.ide.mcu.externaltools.gnu-tools-for-stm32.10.3-2021.10.linux64_1.0.0.202111181127/tools/bin/../lib/gcc/arm-none-eabi/10.3.1/thumb/v7e-m+fp/hard/libgcc.a

.debug_info     0x0000000000000000      0xaba
 .debug_info    0x0000000000000000      0x313 ./Src/gpio/0_led_toggle_on_button_press.o
 .debug_info    0x0000000000000313       0x22 ./Startup/startup_stm32f411vetx.o
 .debug_info    0x0000000000000335      0x785 ./drivers/src/stm32f411x_gpio_driver.o

.debug_abbrev   0x0000000000000000      0x2be
 .debug_abbrev  0x0000000000000000      0x155 ./Src/gpio/0_led_toggle_on_button_press.o
 .debug_abbrev  0x0000000000000155       0x12 ./Startup/startup_stm32f411vetx.o
 .debug_abbrev  0x0000000000000167      0x157 ./drivers/src/stm32f411x_gpio_driver.o

.debug_aranges  0x0000000000000000       0xd8
 .debug_aranges
                0x0000000000000000       0x30 ./Src/gpio/0_led_toggle_on_button_press.o
 .debug_aranges
                0x0000000000000030       0x28 ./Startup/startup_stm32f411vetx.o
 .debug_aranges
                0x0000000000000058       0x80 ./drivers/src/stm32f411x_gpio_driver.o

.debug_ranges   0x0000000000000000       0xb0
 .debug_ranges  0x0000000000000000       0x20 ./Src/gpio/0_led_toggle_on_button_press.o
 .debug_ranges  0x0000000000000020       0x20 ./Startup/startup_stm32f411vetx.o
 .debug_ranges  0x0000000000000040       0x70 ./drivers/src/stm32f411x_gpio_driver.o

.debug_macro    0x0000000000000000     0x25b2
 .debug_macro   0x0000000000000000      0x186 ./Src/gpio/0_led_toggle_on_button_press.o
 .debug_macro   0x0000000000000186      0xa84 ./Src/gpio/0_led_toggle_on_button_press.o
 .debug_macro   0x0000000000000c0a       0x22 ./Src/gpio/0_led_toggle_on_button_press.o
 .debug_macro   0x0000000000000c2c       0x4c ./Src/gpio/0_led_toggle_on_button_press.o
 .debug_macro   0x0000000000000c78       0x1e ./Src/gpio/0_led_toggle_on_button_press.o
 .debug_macro   0x0000000000000c96       0x94 ./Src/gpio/0_led_toggle_on_button_press.o
 .debug_macro   0x0000000000000d2a       0x3c ./Src/gpio/0_led_toggle_on_button_press.o
 .debug_macro   0x0000000000000d66       0x34 ./Src/gpio/0_led_toggle_on_button_press.o
 .debug_macro   0x0000000000000d9a      0x174 ./Src/gpio/0_led_toggle_on_button_press.o
 .debug_macro   0x0000000000000f0e       0x16 ./Src/gpio/0_led_toggle_on_button_press.o
 .debug_macro   0x0000000000000f24       0x43 ./Src/gpio/0_led_toggle_on_button_press.o
 .debug_macro   0x0000000000000f67       0x57 ./Src/gpio/0_led_toggle_on_button_press.o
 .debug_macro   0x0000000000000fbe       0x34 ./Src/gpio/0_led_toggle_on_button_press.o
 .debug_macro   0x0000000000000ff2       0x10 ./Src/gpio/0_led_toggle_on_button_press.o
 .debug_macro   0x0000000000001002       0x58 ./Src/gpio/0_led_toggle_on_button_press.o
 .debug_macro   0x000000000000105a       0x71 ./Src/gpio/0_led_toggle_on_button_press.o
 .debug_macro   0x00000000000010cb       0x1c ./Src/gpio/0_led_toggle_on_button_press.o
 .debug_macro   0x00000000000010e7      0x12a ./Src/gpio/0_led_toggle_on_button_press.o
 .debug_macro   0x0000000000001211      0x341 ./Src/gpio/0_led_toggle_on_button_press.o
 .debug_macro   0x0000000000001552       0x10 ./Src/gpio/0_led_toggle_on_button_press.o
 .debug_macro   0x0000000000001562       0x35 ./Src/gpio/0_led_toggle_on_button_press.o
 .debug_macro   0x0000000000001597       0x20 ./Src/gpio/0_led_toggle_on_button_press.o
 .debug_macro   0x00000000000015b7      0x103 ./Src/gpio/0_led_toggle_on_button_press.o
 .debug_macro   0x00000000000016ba       0x6a ./Src/gpio/0_led_toggle_on_button_press.o
 .debug_macro   0x0000000000001724      0x1df ./Src/gpio/0_led_toggle_on_button_press.o
 .debug_macro   0x0000000000001903      0x700 ./Src/gpio/0_led_toggle_on_button_press.o
 .debug_macro   0x0000000000002003      0x124 ./Src/gpio/0_led_toggle_on_button_press.o
 .debug_macro   0x0000000000002127       0xf4 ./Src/gpio/0_led_toggle_on_button_press.o
 .debug_macro   0x000000000000221b       0xfa ./Src/gpio/0_led_toggle_on_button_press.o
 .debug_macro   0x0000000000002315      0x106 ./Src/gpio/0_led_toggle_on_button_press.o
 .debug_macro   0x000000000000241b       0xb8 ./drivers/src/stm32f411x_gpio_driver.o
 .debug_macro   0x00000000000024d3       0x8e ./drivers/src/stm32f411x_gpio_driver.o
 .debug_macro   0x0000000000002561       0x51 ./drivers/src/stm32f411x_gpio_driver.o

.debug_line     0x0000000000000000      0xe48
 .debug_line    0x0000000000000000      0x633 ./Src/gpio/0_led_toggle_on_button_press.o
 .debug_line    0x0000000000000633       0x84 ./Startup/startup_stm32f411vetx.o
 .debug_line    0x00000000000006b7      0x791 ./drivers/src/stm32f411x_gpio_driver.o

.debug_str      0x0000000000000000     0x9c0e
 .debug_str     0x0000000000000000     0x997b ./Src/gpio/0_led_toggle_on_button_press.o
                                       0x9b88 (size before relaxing)
 .debug_str     0x000000000000997b       0x31 ./Startup/startup_stm32f411vetx.o
                                         0x69 (size before relaxing)
 .debug_str     0x00000000000099ac      0x262 ./drivers/src/stm32f411x_gpio_driver.o
                                       0x6f1a (size before relaxing)

.comment        0x0000000000000000       0x50
 .comment       0x0000000000000000       0x50 ./Src/gpio/0_led_toggle_on_button_press.o
                                         0x51 (size before relaxing)
 .comment       0x0000000000000050       0x51 ./drivers/src/stm32f411x_gpio_driver.o

.debug_frame    0x0000000000000000      0x2d4
 .debug_frame   0x0000000000000000       0x74 ./Src/gpio/0_led_toggle_on_button_press.o
 .debug_frame   0x0000000000000074      0x214 ./drivers/src/stm32f411x_gpio_driver.o
 .debug_frame   0x0000000000000288       0x2c /home/bohdaholas/st/stm32cubeide_1.9.0/plugins/com.st.stm32cube.ide.mcu.externaltools.gnu-tools-for-stm32.10.3-2021.10.linux64_1.0.0.202111181127/tools/bin/../lib/gcc/arm-none-eabi/10.3.1/../../../../arm-none-eabi/lib/thumb/v7e-m+fp/hard/libc_nano.a(lib_a-init.o)
 .debug_frame   0x00000000000002b4       0x20 /home/bohdaholas/st/stm32cubeide_1.9.0/plugins/com.st.stm32cube.ide.mcu.externaltools.gnu-tools-for-stm32.10.3-2021.10.linux64_1.0.0.202111181127/tools/bin/../lib/gcc/arm-none-eabi/10.3.1/../../../../arm-none-eabi/lib/thumb/v7e-m+fp/hard/libc_nano.a(lib_a-memset.o)
