../drivers/src/stm32f411x_usart_driver.c:3:6:USART_SetBaudRate	40	static
../drivers/src/stm32f411x_usart_driver.c:38:6:USART_Init	24	static
../drivers/src/stm32f411x_usart_driver.c:78:6:USART_DeInit	16	static
../drivers/src/stm32f411x_usart_driver.c:88:6:USART_SendData	32	static
../drivers/src/stm32f411x_usart_driver.c:114:6:USART_ReceiveData	32	static
../drivers/src/stm32f411x_usart_driver.c:138:9:USART_SendDataIT	32	static
../drivers/src/stm32f411x_usart_driver.c:153:9:USART_ReceiveDataIT	32	static
../drivers/src/stm32f411x_usart_driver.c:167:6:USART_PCLK_Control	16	static
../drivers/src/stm32f411x_usart_driver.c:187:6:USART_Peripheral_Control	16	static
../drivers/src/stm32f411x_usart_driver.c:195:9:USART_GetFlagStatus	24	static
../drivers/src/stm32f411x_usart_driver.c:203:6:USART_IRQ_InterruptConfig	16	static
../drivers/src/stm32f411x_usart_driver.c:211:6:USART_IRQ_PriorityConfig	24	static
../drivers/src/stm32f411x_usart_driver.c:219:6:USART_IRQHandling	32	static
../drivers/src/stm32f411x_usart_driver.c:274:13:USART_IRQ_Handle_TC	16	static
../drivers/src/stm32f411x_usart_driver.c:286:13:USART_IRQ_Handle_TXE	24	static
../drivers/src/stm32f411x_usart_driver.c:316:13:USART_IRQ_Handle_RXNE	24	static
../drivers/src/stm32f411x_usart_driver.c:348:13:USART_IRQ_Handle_CTS	16	static
../drivers/src/stm32f411x_usart_driver.c:353:13:USART_IRQ_Handle_IDLE	16	static
../drivers/src/stm32f411x_usart_driver.c:358:13:USART_IRQ_Handle_ORE	16	static
../drivers/src/stm32f411x_usart_driver.c:364:13:USART_IRQ_Handle_FE	24	static
../drivers/src/stm32f411x_usart_driver.c:374:13:USART_IRQ_Handle_NE	24	static
../drivers/src/stm32f411x_usart_driver.c:384:28:USART_ApplicationEventCallback	16	static
