../drivers/src/stm32f411x_spi_driver.c:3:6:SPI_Init	24	static
../drivers/src/stm32f411x_spi_driver.c:39:6:SPI_DeInit	16	static
../drivers/src/stm32f411x_spi_driver.c:51:6:SPI_PCLK_Control	16	static
../drivers/src/stm32f411x_spi_driver.c:75:6:SPI_Peripheral_Control	16	static
../drivers/src/stm32f411x_spi_driver.c:83:6:SPI_SSI_Config	16	static
../drivers/src/stm32f411x_spi_driver.c:94:6:SPI_SSOE_Config	16	static
../drivers/src/stm32f411x_spi_driver.c:102:9:SPI_GetFlagStatus	24	static
../drivers/src/stm32f411x_spi_driver.c:110:6:SPI_SendData	32	static
../drivers/src/stm32f411x_spi_driver.c:127:6:SPI_ReceiveData	32	static
../drivers/src/stm32f411x_spi_driver.c:144:9:SPI_SendDataIT	32	static
../drivers/src/stm32f411x_spi_driver.c:157:9:SPI_ReceiveDataIT	32	static
../drivers/src/stm32f411x_spi_driver.c:170:6:SPI_IRQ_InterruptConfig	16	static
../drivers/src/stm32f411x_spi_driver.c:178:6:SPI_IRQ_PriorityConfig	24	static
../drivers/src/stm32f411x_spi_driver.c:186:6:SPI_IRQ_Handling	24	static
../drivers/src/stm32f411x_spi_driver.c:208:13:spi_txe_interrupt_handle	24	static
../drivers/src/stm32f411x_spi_driver.c:226:13:spi_rxne_interrupt_handle	24	static
../drivers/src/stm32f411x_spi_driver.c:244:13:spi_ovr_err_interrupt_handle	24	static
../drivers/src/stm32f411x_spi_driver.c:256:6:SPI_ClearOVRFlag	24	static
../drivers/src/stm32f411x_spi_driver.c:264:6:SPI_CloseTransmission	16	static
../drivers/src/stm32f411x_spi_driver.c:270:6:SPI_CloseReception	16	static
../drivers/src/stm32f411x_spi_driver.c:276:28:SPI_ApplicationEventCallback	16	static
